TAP version 13
# Python adapter evidence: <WORKSPACE>\\.sandbox\\python-GQi0oL\\project
# Subtest: Python unittest runner rejects false success
    # Subtest: real passing, tagged test supplies evidence
    ok 1 - real passing, tagged test supplies evidence
      ---
      duration_ms: 189.0579
      type: 'test'
      ...
    # Subtest: assertion failure cannot pass
    ok 2 - assertion failure cannot pass
      ---
      duration_ms: 175.9379
      type: 'test'
      ...
    # Subtest: skipped test cannot pass
    ok 3 - skipped test cannot pass
      ---
      duration_ms: 168.2631
      type: 'test'
      ...
    # Subtest: expected failure cannot pass
    ok 4 - expected failure cannot pass
      ---
      duration_ms: 163.0876
      type: 'test'
      ...
    # Subtest: unexpected success cannot pass
    ok 5 - unexpected success cannot pass
      ---
      duration_ms: 158.6792
      type: 'test'
      ...
    # Subtest: empty suite cannot pass
    ok 6 - empty suite cannot pass
      ---
      duration_ms: 163.1792
      type: 'test'
      ...
    # Subtest: passing case without requirement ID cannot pass
    ok 7 - passing case without requirement ID cannot pass
      ---
      duration_ms: 163.3197
      type: 'test'
      ...
    # Subtest: import error cannot pass
    ok 8 - import error cannot pass
      ---
      duration_ms: 161.1666
      type: 'test'
      ...
    # Subtest: failing subtest cannot pass
    ok 9 - failing subtest cannot pass
      ---
      duration_ms: 166.7693
      type: 'test'
      ...
    # Subtest: exit zero without runner report cannot pass
    ok 10 - exit zero without runner report cannot pass
      ---
      duration_ms: 166.1056
      type: 'test'
      ...
    # Subtest: missing executable cannot pass
    ok 11 - missing executable cannot pass
      ---
      duration_ms: 2.7599
      type: 'test'
      ...
    # Subtest: Python files pass actual workflow validation and archive with stale checks
    ok 12 - Python files pass actual workflow validation and archive with stale checks
      ---
      duration_ms: 9925.3812
      type: 'test'
      ...
    1..12
ok 1 - Python unittest runner rejects false success
  ---
  duration_ms: 13156.1211
  type: 'test'
  ...
1..1
# tests 13
# suites 0
# pass 13
# fail 0
# cancelled 0
# skipped 0
# todo 0
# duration_ms 13262.0676
